[0 0 0 0 0]
[0 0 0 0 100]
100
5
[str1 str2 str3 str4]
[[0 1 2] [1 2 3]]
[0 1 2]
[66 1 2]
