test_1
0
iteration
iteration
iteration
iteration 1
iteration 2
iteration 3
iteration 0
iteration 1
iteration 2
call
