test_copy
3 0 1 2 3
2 1 2 2 3
5 72 101 108 108 111 5
