test_1
(+1.000000+4.000000) (0.000000-2.000000) (+1.000000+2.000000) (+1.000000+4.000000)
1.000000 -2.000000
test_2
(0.0000000.000000) (0.0000000.000000)
0.000000 0.000000
0.000000 0.000000
test_3
(+78.000000-9.300000) (-23.230000+98.980000) (+101.230000-108.280000) (+43.100000-1.000000) (-23.230000+98.980000) (-1.855359-0.010103)
test_4
(+0.100000+32.100000) (+32.100000+66.600000) (+66.600000+32.100000) (+66.600000+66.600000) (+0.100000+32.100000) (+0.100000+0.100000)
0.100000 0.100000 32.100000 66.600000 32.100000
