test_1
John
test_2
100
Jane
test_3
100
John
test_4
John
21
Jane
18
John
21
test_5
John
21
Jane
18
John
21
test_6
John
0
Spot
Spot
2
brown
brown
Jane
18
Furball
Furball
3
white
white
Furball
black
Furball
black
