0 115
1 116
2 114
3 105
4 110
5 103
0
1
2
0 4
1 5
2 6
a apple
b banana
99
99
