print_from_main
x_from_test_package_2
x_from_test_package_1
x_from_test_package_1
0
1
