test_package_3_init init1 called
test_package_3_init init2 called
test_package_4_init init called
11
20
31
10
20
