test_interfaceAny1
false
true
false
true
false
true
false
false
true
test_interfaceAny2
false
true
false
true
test_interfaceAny3
false
false
false
false
true
false
true
false
true
false
true
false
true
false
true
false
true
false
test_interfaceAny4
false
false
false
false
true
true
false
true
true
false
false
