test_1
map: 7 13
v1:  7
len: 2
map: 7 0
value: 0
ok: false
unknown:  0
notSet:  false
unknown:  0
notSet:  false
k,v:  k1   7
test_2
map: 1 2
map: 100 2
0 true
0 false
test_3
string1
string2
string3
string4
len: 3
string2
unknown:  0
notSet:  false
k:  1   2
v:  string2
k:  3   4
v:  string3
k:  5   6
v:  string4
test_4
string1
string2
string3
string4
len: 3
string2
unknown:  0
notSet:  false
k:  1   2
v:  string2
k:  5   6
v:  string3
k:  3   4
v:  string4
