test_method_1
called methodInt1
20
test_method_2
called methodEmpty2
2
called methodEmpty1
1
test_method_3
called methodPerson1
test
1
called methodPerson2
test3
true
2
