test_1
1 2
1 2
test_2
string 2 true
string 2 true
string 2 true
