test_1
original values: 0 0
10 7
original values: 0 0
7 10
original values: 0 0
3 1
original values: 0 0
7 10
original values: 0 0
7 10
test_2
2
4
12
test_3
 0 [] false
