test_slice
cap: 0 len: 0
cap: 1 len: 1
cap: 2 len: 2
cap: 4 len: 3
0 1
1 1
2 1
3 1
cap: 0 len: 0
cap: 1 len: 1
cap: 2 len: 2
cap: 4 len: 3
0 1
1 1
2 1
3 1
cap: 0 len: 0
cap: 1 len: 1
cap: 2 len: 2
cap: 4 len: 3
0 1
1 1
2 1
3 1
false
true
false
true
false
true
true
test_pointer
true
true
true
true
true
true
false
false
true
false
true
true
true
false
test_map
0
0
0
0
0
0 false
0 false
0 false
true
true
false
true
false
false
false
false
