test_int
9
-9
-10
3
-96
-45
-11
3
47
4
0
14
0
3072
9
3
2
2
135
132
0
3
1
0
0
