1
1
0
true 6 6
[1 12 3]
[1 12 13]
some_string string2
