test_1
hello world != hello
hello world > hello
hello world != 2dsùî343..'dsf[sdf][sd][f]][234sdsùîó
hello world > 2dsùî343..'dsf[sdf][sd][f]][234sdsùîó
hello world != 2ïöppqdßd][f]][234sdsùîó
hello world > 2ïöppqdßd][f]][234sdsùîó
hello world != 你好
hello world < 你好
hello world != こんにちは
hello world < こんにちは
hello world != _
hello world > _
hello world != ___
hello world > ___
hello world != .
hello world > .
hello != hello world
hello < hello world
hello != 2dsùî343..'dsf[sdf][sd][f]][234sdsùîó
hello > 2dsùî343..'dsf[sdf][sd][f]][234sdsùîó
hello != 2ïöppqdßd][f]][234sdsùîó
hello > 2ïöppqdßd][f]][234sdsùîó
hello != 你好
hello < 你好
hello != こんにちは
hello < こんにちは
hello != _
hello > _
hello != ___
hello > ___
hello != .
hello > .
2dsùî343..'dsf[sdf][sd][f]][234sdsùîó != hello world
2dsùî343..'dsf[sdf][sd][f]][234sdsùîó < hello world
2dsùî343..'dsf[sdf][sd][f]][234sdsùîó != hello
2dsùî343..'dsf[sdf][sd][f]][234sdsùîó < hello
2dsùî343..'dsf[sdf][sd][f]][234sdsùîó != 2ïöppqdßd][f]][234sdsùîó
2dsùî343..'dsf[sdf][sd][f]][234sdsùîó < 2ïöppqdßd][f]][234sdsùîó
2dsùî343..'dsf[sdf][sd][f]][234sdsùîó != 你好
2dsùî343..'dsf[sdf][sd][f]][234sdsùîó < 你好
2dsùî343..'dsf[sdf][sd][f]][234sdsùîó != こんにちは
2dsùî343..'dsf[sdf][sd][f]][234sdsùîó < こんにちは
2dsùî343..'dsf[sdf][sd][f]][234sdsùîó != _
2dsùî343..'dsf[sdf][sd][f]][234sdsùîó < _
2dsùî343..'dsf[sdf][sd][f]][234sdsùîó != ___
2dsùî343..'dsf[sdf][sd][f]][234sdsùîó < ___
2dsùî343..'dsf[sdf][sd][f]][234sdsùîó != .
2dsùî343..'dsf[sdf][sd][f]][234sdsùîó > .
2ïöppqdßd][f]][234sdsùîó != hello world
2ïöppqdßd][f]][234sdsùîó < hello world
2ïöppqdßd][f]][234sdsùîó != hello
2ïöppqdßd][f]][234sdsùîó < hello
2ïöppqdßd][f]][234sdsùîó != 2dsùî343..'dsf[sdf][sd][f]][234sdsùîó
2ïöppqdßd][f]][234sdsùîó > 2dsùî343..'dsf[sdf][sd][f]][234sdsùîó
2ïöppqdßd][f]][234sdsùîó != 你好
2ïöppqdßd][f]][234sdsùîó < 你好
2ïöppqdßd][f]][234sdsùîó != こんにちは
2ïöppqdßd][f]][234sdsùîó < こんにちは
2ïöppqdßd][f]][234sdsùîó != _
2ïöppqdßd][f]][234sdsùîó < _
2ïöppqdßd][f]][234sdsùîó != ___
2ïöppqdßd][f]][234sdsùîó < ___
2ïöppqdßd][f]][234sdsùîó != .
2ïöppqdßd][f]][234sdsùîó > .
你好 != hello world
你好 > hello world
你好 != hello
你好 > hello
你好 != 2dsùî343..'dsf[sdf][sd][f]][234sdsùîó
你好 > 2dsùî343..'dsf[sdf][sd][f]][234sdsùîó
你好 != 2ïöppqdßd][f]][234sdsùîó
你好 > 2ïöppqdßd][f]][234sdsùîó
你好 != こんにちは
你好 > こんにちは
你好 != _
你好 > _
你好 != ___
你好 > ___
你好 != .
你好 > .
こんにちは != hello world
こんにちは > hello world
こんにちは != hello
こんにちは > hello
こんにちは != 2dsùî343..'dsf[sdf][sd][f]][234sdsùîó
こんにちは > 2dsùî343..'dsf[sdf][sd][f]][234sdsùîó
こんにちは != 2ïöppqdßd][f]][234sdsùîó
こんにちは > 2ïöppqdßd][f]][234sdsùîó
こんにちは != 你好
こんにちは < 你好
こんにちは != _
こんにちは > _
こんにちは != ___
こんにちは > ___
こんにちは != .
こんにちは > .
_ != hello world
_ < hello world
_ != hello
_ < hello
_ != 2dsùî343..'dsf[sdf][sd][f]][234sdsùîó
_ > 2dsùî343..'dsf[sdf][sd][f]][234sdsùîó
_ != 2ïöppqdßd][f]][234sdsùîó
_ > 2ïöppqdßd][f]][234sdsùîó
_ != 你好
_ < 你好
_ != こんにちは
_ < こんにちは
_ != ___
_ < ___
_ != .
_ > .
___ != hello world
___ < hello world
___ != hello
___ < hello
___ != 2dsùî343..'dsf[sdf][sd][f]][234sdsùîó
___ > 2dsùî343..'dsf[sdf][sd][f]][234sdsùîó
___ != 2ïöppqdßd][f]][234sdsùîó
___ > 2ïöppqdßd][f]][234sdsùîó
___ != 你好
___ < 你好
___ != こんにちは
___ < こんにちは
___ != _
___ > _
___ != .
___ > .
. != hello world
. < hello world
. != hello
. < hello
. != 2dsùî343..'dsf[sdf][sd][f]][234sdsùîó
. < 2dsùî343..'dsf[sdf][sd][f]][234sdsùîó
. != 2ïöppqdßd][f]][234sdsùîó
. < 2ïöppqdßd][f]][234sdsùîó
. != 你好
. < 你好
. != こんにちは
. < こんにちは
. != _
. < _
. != ___
. < ___
