test_1
John
test_2
John Doe
test_3
John
21
Jane
18
John
21
test_4
John
43
