1 1 2.000000 57.400000 57
97 250 1105 101 239 340 hello world heïŔ ú a
