test_1
k = 373
test_2
bar
test_3
foo
test_4
1 3 6
