test_1
100
200
true
false
1 2
test_2
99
Hello
test_3
accepted: 1
after call: 1
accepted: 1
returned: 2
